// Jest Snapshot v1, https://goo.gl/fbAQLP

exports[`CmsPage CmsPage Renders with only required props 1`] = `
<styled.div
  className="cms-page"
>
  <styled.div
    className="cms-header"
    logo={null}
  >
    <div
      className="route-link"
      key="0"
    >
      <a
        href="/admin/home-page"
      >
        home page
      </a>
    </div>
  </styled.div>
  <br />
  <div
    className="cms-page-options"
  >
    <Styled(styled.button)
      className="cms-option"
    >
      Cancel
    </Styled(styled.button)>
    <Styled(styled.button)
      className="cms-option"
      onClick={[Function]}
    >
      Load CMS Data
    </Styled(styled.button)>
    <Styled(styled.button)
      className="cms-option"
      onClick={[Function]}
      updateAlert={false}
    >
      <div
        style={
          Object {
            "display": "flex",
          }
        }
      >
        <p>
           Save Changes
        </p>
      </div>
    </Styled(styled.button)>
  </div>
  <styled.div
    className="cms-body"
  >
    <div
      className="components"
    >
      <div
        className="component-item"
        key="0"
      >
        <p>
          short text
        </p>
        <Styled(styled.button)
          onClick={[Function]}
        >
          <IoMdAdd
            color="white"
            style={
              Object {
                "height": "16px",
                "width": "16px",
              }
            }
          />
        </Styled(styled.button)>
      </div>
      <div
        className="component-item"
        key="1"
      >
        <p>
          long text
        </p>
        <Styled(styled.button)
          onClick={[Function]}
        >
          <IoMdAdd
            color="white"
            style={
              Object {
                "height": "16px",
                "width": "16px",
              }
            }
          />
        </Styled(styled.button)>
      </div>
      <div
        className="component-item"
        key="2"
      >
        <p>
          nested
        </p>
        <Styled(styled.button)
          onClick={[Function]}
        >
          <IoMdAdd
            color="white"
            style={
              Object {
                "height": "16px",
                "width": "16px",
              }
            }
          />
        </Styled(styled.button)>
      </div>
      <div
        className="component-item"
        key="3"
      >
        <p>
          media
        </p>
        <Styled(styled.button)
          onClick={[Function]}
        >
          <IoMdAdd
            color="white"
            style={
              Object {
                "height": "16px",
                "width": "16px",
              }
            }
          />
        </Styled(styled.button)>
      </div>
      <div
        className="component-item"
        key="4"
      >
        <p>
          link
        </p>
        <Styled(styled.button)
          onClick={[Function]}
        >
          <IoMdAdd
            color="white"
            style={
              Object {
                "height": "16px",
                "width": "16px",
              }
            }
          />
        </Styled(styled.button)>
      </div>
    </div>
    <div
      className="main"
    />
  </styled.div>
</styled.div>
`;

exports[`CmsPage should render with only required props 1`] = `
<styled.div
  className="cms-page"
>
  <styled.div
    className="cms-header"
    logo={null}
  >
    <div
      className="route-link"
      key="0"
    >
      <a
        href="/admin/home-page"
      >
        home page
      </a>
    </div>
  </styled.div>
  <br />
  <div
    className="cms-page-options"
  >
    <Styled(styled.button)
      className="cms-option"
    >
      Cancel
    </Styled(styled.button)>
    <Styled(styled.button)
      className="cms-option"
      onClick={[Function]}
    >
      Load CMS Data
    </Styled(styled.button)>
    <Styled(styled.button)
      className="cms-option"
      onClick={[Function]}
      updateAlert={false}
    >
      <div
        style={
          Object {
            "display": "flex",
          }
        }
      >
        <p>
           Save Changes
        </p>
      </div>
    </Styled(styled.button)>
  </div>
  <styled.div
    className="cms-body"
  >
    <div
      className="components"
    >
      <div
        className="component-item"
        key="0"
      >
        <p>
          short text
        </p>
        <Styled(styled.button)
          onClick={[Function]}
        >
          <IoMdAdd
            color="white"
            style={
              Object {
                "height": "16px",
                "width": "16px",
              }
            }
          />
        </Styled(styled.button)>
      </div>
      <div
        className="component-item"
        key="1"
      >
        <p>
          long text
        </p>
        <Styled(styled.button)
          onClick={[Function]}
        >
          <IoMdAdd
            color="white"
            style={
              Object {
                "height": "16px",
                "width": "16px",
              }
            }
          />
        </Styled(styled.button)>
      </div>
      <div
        className="component-item"
        key="2"
      >
        <p>
          nested
        </p>
        <Styled(styled.button)
          onClick={[Function]}
        >
          <IoMdAdd
            color="white"
            style={
              Object {
                "height": "16px",
                "width": "16px",
              }
            }
          />
        </Styled(styled.button)>
      </div>
      <div
        className="component-item"
        key="3"
      >
        <p>
          media
        </p>
        <Styled(styled.button)
          onClick={[Function]}
        >
          <IoMdAdd
            color="white"
            style={
              Object {
                "height": "16px",
                "width": "16px",
              }
            }
          />
        </Styled(styled.button)>
      </div>
      <div
        className="component-item"
        key="4"
      >
        <p>
          link
        </p>
        <Styled(styled.button)
          onClick={[Function]}
        >
          <IoMdAdd
            color="white"
            style={
              Object {
                "height": "16px",
                "width": "16px",
              }
            }
          />
        </Styled(styled.button)>
      </div>
    </div>
    <div
      className="main"
    />
  </styled.div>
</styled.div>
`;
